// Jest Snapshot v1, https://goo.gl/fbAQLP

exports[`InfoText component should render correctly 1`] = `
<p
  className="info-text"
>
  test
</p>
`;
