// Jest Snapshot v1, https://goo.gl/fbAQLP

exports[`MoviesList component should render correctly 1`] = `
<div
  className="movies-list"
>
  <h3
    className="movies-list-empty"
  >
    No movies found
  </h3>
</div>
`;
